// Jest Snapshot v1, https://goo.gl/fbAQLP

exports[`Slide component should render component with mock value 1`] = `
<li
  className="item-container"
>
  <div
    className="item showing"
  >
    <img />
    <div
      className="itemName"
    />
  </div>
</li>
`;
